OBJ_DUDE.int    ; dude: main character script                    						    # local_vars=6
Animfrvr.int    ; gen: looping animation                         						    # local_vars=0
INFO.int        ; placeholder script for displaying information  						    # local_vars=0
TSTCritr.int    ; debugging script                               						    # local_vars=20
TSTObjct.int    ; debugging script                               						    # local_vars=20
TSTTrigr.int    ; debugging script                               						    # local_vars=5
ZTMap.int       ; shared location map script                     						    # local_vars=0
ZTInfo.int      ; gen: info trigger                              						    # local_vars=1
ZTRad.int       ; gen: local radiation area (8 hexes)            						    # local_vars=2
ZTGoo.int       ; gen: radioactive goo trigger                   						    # local_vars=2
ZTRokot.int     ; gen: insect chittering trigger                 						    # local_vars=1
ZTMin.int       ; gen: trap trigger – mines                      						    # local_vars=1
ZTCapcan.int    ; gen: trap trigger – bear trap                  						    # local_vars=1
ZTPwdPol.int    ; gen: force field                               						    # local_vars=1
ZSPwdPol.int    ; gen: force field emitter                       						    # local_vars=5
ZSDoor.int      ; gen: standard door                             						    # local_vars=7
ZSCola.int      ; gen: Nuka-Cola vending machine                 						    # local_vars=5
ZSBlock.int     ; gen: destructible obstacle                     						    # local_vars=2
ZSSolar.int     ; gen: flickering light source                   						    # local_vars=1
ZIUseStp.int    ; gen: bind object to owner                      						    # local_vars=2
ZIHDisk.int     ; gen: shared script for all holodisks           						    # local_vars=0
ZIBxSafe.int    ; gen: lockable container                        						    # local_vars=7
ZIBxRndm.int    ; gen: container with random inventory           						    # local_vars=1
ZIBxLck.int     ; gen: nailed-shut crate                         						    # local_vars=1
ZSSoil.int      ; gen: freshly dug soil                          						    # local_vars=1
ZSGrvGen.int    ; gen: grave                                     						    # local_vars=1
ZSGrvDst.int    ; gen: gravestone inscription                    						    # local_vars=1
ZSRandom.int    ; gen: environment randomizer                    						    # local_vars=1
ZSBooks.int     ; gen: book collection                           						    # local_vars=7
ZSGmSlt.int     ; gen: slot machine (one-armed bandit)           						    # local_vars=6
ZSTblWrk.int    ; gen: workbench with broken items               						    # local_vars=5
ZSAlcghl.int    ; gen: moonshine still                           						    # local_vars=2
OBJ_CAR.int     ; dude: main character’s personal vehicle        						    # local_vars=5
OBJ_TRNK.int    ; dude: trunk of main character’s vehicle        						    # local_vars=5
ZSCarGen.int    ; dude: main character’s vehicle generator       						    # local_vars=1
ZCAnt.int       ; gen: generic ant                               						    # local_vars=7
ZCManti.int     ; gen: generic mantis                            						    # local_vars=7
ZCRat.int       ; gen: generic rodent                            						    # local_vars=7
ZCDog.int       ; gen: generic dog or coyote                     						    # local_vars=7
ZCScorp.int     ; gen: generic radscorpion                       						    # local_vars=7
ZCBrahmn.int    ; gen: generic brahmin                           						    # local_vars=7
ZCPlant.int     ; gen: generic carnivorous plant                            				# local_vars=7
ZCDthclw.int    ; gen: generic deathclaw                         						    # local_vars=7
ZCRobot.int     ; gen: generic hostile robot                     						    # local_vars=7
ZCGhoul.int     ; gen: generic feral ghoul                       						    # local_vars=7
ZCMstStr.int    ; dude: Mysterious Stranger                      						    # local_vars=6
ZSTblChm.int    ; gen: chemical laboratory                       						    # local_vars=2
VCBabula.int    ; Villa: Granny Anders                           						    # local_vars=10
VCJose.int      ; Villa: Jose                                    						    # local_vars=12
VCChrisA.int    ; Villa: Chris on the plaza map                  						    # local_vars=10
VCBandit.int    ; Villa: bandit locked in the town hall basement       						# local_vars=10
VSGate.int      ; Villa: small gate near Granny’s house               						# local_vars=0
VSMeteo.int     ; Villa: broken weather station                       						# local_vars=2
VCMarodr.int    ; Villa: marauders on the plantation map              						# local_vars=10
ZSLump.int      ; gen: lamps and campfires ignitable with a lighter    						# local_vars=1
VSRprItm.int    ; Villa: items on the town hall table for repairs      						# local_vars=2
VSStairs.int    ; Villa: cellar stairs in Villa                       						# local_vars=0
VSDstr.int      ; Villa: destruction objects like broken doors        						# local_vars=1
VCCitizn.int    ; Villa: ordinary resident after the return           						# local_vars=8
VCChild.int     ; Villa: ordinary child                               						# local_vars=8
VCCtzBld.int    ; Villa: wounded resident                             						# local_vars=10
VCCtzTlk.int    ; Villa: woman with dialogue                          						# local_vars=10
VSBabStr.int    ; Villa: descent into Granny Adonsia’s cellar         						# local_vars=0
VCEden.int      ; Villa: boy Eden who ran away to the plantations     						# local_vars=10
VCPadre.int     ; Villa: main character’s father in Villa             						# local_vars=12
VCMadre.int     ; Villa: main character’s mother in Villa             						# local_vars=10
VSWell.int      ; Villa: well on the square                            						# local_vars=2
ZSLook.int      ; gen: standard script for examining with Science     						# local_vars=1
VSDead.int      ; Villa: bodies of the dead in the town hall           						# local_vars=1
FCMer.int       ; Flagstaff: city mayor                               						# local_vars=10
CSPinata.int    ; Santa Ana: pi?ata                                   						# local_vars=0
FCBoss.int      ; Flagstaff: colony overseer                          						# local_vars=10
FCSlvGrd.int    ; Flagstaff: mercenaries                              						# local_vars=8
FCSlavs.int     ; Flagstaff: generic slaves                           						# local_vars=8
FCSlvVrv.int    ; Flagstaff: feral slave                              						# local_vars=10
FCRanger.int    ; Flagstaff: ranger saboteur                          						# local_vars=10
FCBarmen.int    ; Flagstaff: bartender                                						# local_vars=11
FCBarSlv.int    ; Flagstaff: mercenary in the bar                     						# local_vars=10
FCPost.int      ; Flagstaff: Sonora Express employee                  						# local_vars=10
FCBishop.int    ; Flagstaff: priest                                   						# local_vars=12
FCTom.int       ; Flagstaff: Uncle Tom                                						# local_vars=10
FCAdmin.int     ; Flagstaff: mine administrator                      						# local_vars=10
FCMinBrk.int    ; Flagstaff: processing station operator              						# local_vars=10
FCRatKng.int    ; Flagstaff: Rat King                                 						# local_vars=8
FSMinElc.int    ; Flagstaff: trap for the Rat King                    						# local_vars=1
FSGame.int      ; Flagstaff: cursed slot machine                     						# local_vars=5
FSWater.int     ; Flagstaff: pumping station in the mines             						# local_vars=3
FCMadre.int     ; Flagstaff: main character’s mother in slave pen     						# local_vars=10
FCVillA.int     ; Flagstaff: Villa slave walled up in the mine        						# local_vars=10
FCVillB.int     ; Flagstaff: Villa slave walled up in the mine        						# local_vars=10
FSRobot.int     ; Flagstaff: drilling machine in the mines            						# local_vars=5
ZSRocks.int     ; gen: rock piles that can be blown up                						# local_vars=1
FTDstry.int     ; Flagstaff: trigger for blowing up the mine          						# local_vars=1
FSMinDst.int    ; Flagstaff: rock collapse at mine entrance           						# local_vars=1
FSCmpSlv.int    ; Flagstaff: mercenary boss’s personal computer       						# local_vars=5
FCSlvDor.int    ; Flagstaff: mercenary guard at slave pen door        						# local_vars=10
FCSlvVll.int    ; Flagstaff: Villa slaves in the pen                 						# local_vars=10
FSTransf.int    ; Flagstaff: electrical circuits in the mines         						# local_vars=4
FSDorSlv.int    ; Flagstaff: slave pen door                           						# local_vars=1
FSRadio.int     ; Flagstaff: mercenary radio station                  						# local_vars=2
FCSlvRdr.int    ; Flagstaff: raider prisoner in the pen              						# local_vars=10
FCSlvMin.int    ; Flagstaff: workers on the mine entrance map         						# local_vars=10
FCBarTlk.int    ; Flagstaff: talkative bar patron                     						# local_vars=10
FCSlvA.int      ; Flagstaff: master driving a servant                						# local_vars=10
FCSlvB.int      ; Flagstaff: servant driven by the master            						# local_vars=10
FSDead.int      ; Flagstaff: body of an escaped slave at mine entrance						# local_vars=3
FCCrvBos.int    ; Flagstaff: merchant Joshua heading to Phoenix       						# local_vars=10
FCCrvMan.int    ; Flagstaff: ordinary caravan guard by the mine       						# local_vars=10
FCPostEn.int    ; Flagstaff: postal service robber                   						# local_vars=10
FCSlvScn.int    ; Flagstaff: prisoner radio operator                  						# local_vars=10
FCCtznA.int     ; Flagstaff: ordinary town resident                  						# local_vars=10
FSSptnk.int     ; Flagstaff: companion – museum exhibit               						# local_vars=2
FCCitzn.int     ; Flagstaff: ordinary colonist townsman               						# local_vars=8
FSSign.int      ; Flagstaff: notice board at city entrance            						# local_vars=2
FCChild.int     ; Flagstaff: generic Flagstaff children               						# local_vars=8
FSWrkTb.int     ; Flagstaff: workbench with collar components         						# local_vars=3
FCSlvStn.int    ; Flagstaff: mercenary Stan                           						# local_vars=10
FCCtznB.int     ; Flagstaff: resident who hates the Temple of Fire    						# local_vars=10
FCRadKid.int    ; Flagstaff: child with radiation sickness            						# local_vars=10
PCPost.int      ; Phoenix: Sonora Express employee                    						# local_vars=10
TCPost.int      ; Two Sun: Sonora Express employee                    						# local_vars=10
ZIPostA.int     ; dude: box for receiving parcels from another city   						# local_vars=1
ZIPostB.int     ; dude: box for sending parcels to another city       						# local_vars=1
JCSuka.int      ; Jackals: female tribal leader                      						# local_vars=10
JCSamec.int     ; Jackals: male tribal leader                        						# local_vars=10
JCGuard.int     ; Jackals: warehouse guard                           						# local_vars=8
JCRanger.int    ; Jackals: ranger                                   						# local_vars=10
JCMan.int       ; Jackals: male tribesman                            						# local_vars=8
JCWoman.int     ; Jackals: female tribeswoman                        						# local_vars=8
JCChild.int     ; Jackals: tribal children                           						# local_vars=8
JCCtznA.int     ; Jackals: talkative tribesman                       						# local_vars=10
JCPosol.int     ; Jackals: ranger envoy                              						# local_vars=10
RCBoss.int      ; Rangers: ranger general                            						# local_vars=14
RCRanger.int    ; Rangers: generic ranger on the dam                						# local_vars=10
JICulon.int     ; Jackals: ammo pendant of the male leader           						# local_vars=0
JCCtznB.int     ; Jackals: patrols residential burrows               						# local_vars=10
JSTotem.int     ; Jackals: bone structures with hidden stashes       						# local_vars=0
JCCtznC.int     ; Jackals: survivor of the ranger raid               						# local_vars=10
JSRifle.int     ; Jackals: table with a ranger’s rifle               						# local_vars=2
JCMerc.int      ; Jackals: mercenaries for a joint attack            						# local_vars=10
VVSLift.int     ; Vault 27: elevator shafts                          						# local_vars=0
VVSConsl.int    ; Vault 27: armored door control console             						# local_vars=1
VVSInrcm.int    ; Vault 27: intercoms                                						# local_vars=1
VVTExp.int      ; Vault 27: trigger at the vault entrance            						# local_vars=1
VVSGntr.int     ; Vault 27: backup generator                         						# local_vars=2
VVSVntl.int     ; Vault 27: ventilation                              						# local_vars=2
VVCScnc.int     ; Vault 27: expedition leader                        						# local_vars=10
VVCGhost.int    ; Vault 27: ghost ghouls                              						# local_vars=8
VVTPsn.int      ; Vault 27: script no longer used                    						# local_vars=1
VVHolo.int      ; Vault 27: entertainment equipment                  						# local_vars=1
VVTLift.int     ; Vault 27: trigger of the surviving elevator          						# local_vars=0
VVCOwr.int      ; Vault 27: ghost of the vault overseer                						# local_vars=10
VVSDoor.int     ; Vault 27: door leading to the overseer’s post        						# local_vars=0
VVSBibl.int     ; Vault 27: library terminal before repair             						# local_vars=2
VVCGhstB.int    ; Vault 27: ghosts at the escape stage                 						# local_vars=8
VVSBasa.int     ; Vault 27: overseer’s post                            						# local_vars=2
EncSlvA.int     ; world: slaves at the Convoy encounter                						# local_vars=7
EncSlvB.int     ; world: mercenaries at the Convoy encounter           						# local_vars=7
EncSlvC.int     ; world: mercenary leader at the Convoy encounter      						# local_vars=10
VCScnc.int      ; Villa: scientist from Vault 27                       						# local_vars=10
PCScnc.int      ; Phoenix: scientist from Vault 27                     						# local_vars=10
NCScnc.int      ; Nueva: scientist from Vault 27                       						# local_vars=10
VCCtzHom.int    ; Villa: returned farmer in the residential area       						# local_vars=10
VICtzHom.int    ; Villa: chest in an isolated cellar                   						# local_vars=1
VSPolka.int     ; Villa: secret passage in the town hall basement      						# local_vars=0
VCOld.int       ; Villa: elder on the Council                          						# local_vars=10
PVSLift.int     ; Vault 25: elevator shafts                            						# local_vars=0
PVSConsl.int    ; Vault 25: armored door control console               						# local_vars=1
PVTExp.int      ; Vault 25: trigger at the vault entrance               					# local_vars=1
PVCGrd.int      ; Vault 25: vault guards                               						# local_vars=8
PVCOvrsr.int    ; Vault 25: advisor at the overseer’s post             						# local_vars=14
PVSCompA.int    ; Vault 25: advisor’s computer                         						# local_vars=5
PVCScnst.int    ; Vault 25: chief scientist                            						# local_vars=10
PVCAstnt.int    ; Vault 25: laboratory assistants                     						# local_vars=10
PVSCompB.int    ; Vault 25: computer in the laboratory                 						# local_vars=5
PVCRobot.int    ; Vault 25: security robots                            						# local_vars=10
PVCHandy.int    ; Vault 25: Mister Handy                               						# local_vars=10
PVCPost.int     ; Vault 25: guards at the entrance                     						# local_vars=10
PVSSintz.int    ; Vault 25: clothing synthesizer                       						# local_vars=3
PVSCnsl.int     ; Vault 25: force field console at the prison          						# local_vars=2
PVCCtzn.int     ; Vault 25: Vault 25 resident                          						# local_vars=10
PVCMedic.int    ; Vault 25: medic                                     						# local_vars=10
PVCSlave.int    ; Vault 25: test subjects in the cells                						# local_vars=8
PVSBomb.int     ; Vault 25: nuclear bomb                               						# local_vars=5
PVCPtrl.int     ; Vault 25: patrol in the control center               						# local_vars=10
PCMaster.int    ; Phoenix: Master of Phoenix                           						# local_vars=14
ZTLaser.int     ; gen: trap trigger – monomolecular or laser           						# local_vars=1
PCMstrRb.int    ; Phoenix: robo-eyes of the Master of Phoenix          						# local_vars=8
PCCltA.int      ; Phoenix: rank-and-file Followers of Fire             						# local_vars=10
PCCltB.int      ; Phoenix: Follower of Fire – fanatic                 						# local_vars=10
PCCltC.int      ; Phoenix: Follower of Fire – rational                						# local_vars=10
PCCltSpy.int    ; Phoenix: Follower of Fire – skeptic                 						# local_vars=10
PCCltDlg.int    ; Phoenix: delegate in the Cathedral                  						# local_vars=10
PSElktr.int     ; Phoenix: electrical panel in the Cathedral           						# local_vars=2
TCBoss.int      ; Two Sun: leader of the Tinsmiths                    						# local_vars=14
TCBarter.int    ; Two Sun: quartermaster                              						# local_vars=14
TCNext.int      ; Two Sun: slave inspector at map start               						# local_vars=10
TCOvrsr.int     ; Two Sun: slave instructor in the hangar             						# local_vars=10
TCSlavs.int     ; Two Sun: slaves in the tinsmith hangar              						# local_vars=8
TCMedic.int     ; Two Sun: tinsmith medic                             						# local_vars=10
TCTins.int      ; Two Sun: generic tinsmith                           						# local_vars=10
TCCtzn.int      ; Two Sun: generic Two Sun resident                   						# local_vars=8
TSCmpBos.int    ; Two Sun: tinsmith leader’s computer                 						# local_vars=4
TCPadre.int     ; Two Sun: main character’s father in the Forbidden Zone 					# local_vars=10
TCSlvVll.int    ; Two Sun: Villa farmer with main character’s father  						# local_vars=10
TCSlvTlk.int    ; Two Sun: slave in the Forbidden Zone                						# local_vars=10
TCCarlos.int    ; Two Sun: Carlos from Villa                          						# local_vars=10
TCHandy.int     ; Two Sun: Mister Handy in the hangar                 						# local_vars=10
TCRobot.int     ; Two Sun: robot on the scrapyard map                 						# local_vars=10
TCZAX.int       ; Two Sun: Great ZAX                                  						# local_vars=5
TSZAXCmp.int    ; Two Sun: emergency EMP blast computer               						# local_vars=3
TTLift.int      ; Two Sun: elevator shafts                            						# local_vars=0
TSCnslTp.int    ; Two Sun: console for disabling traps               						# local_vars=2
TSElctr.int     ; Two Sun: electrical panel for turning on lights     						# local_vars=2
TSZAXUpg.int    ; Two Sun: ZAX logic module computer                  						# local_vars=1
TSBarier.int    ; Two Sun: force barrier in the cemetery gates        						# local_vars=0
TSCmpBar.int    ; Two Sun: force barrier modulator                   						# local_vars=2
TSMingun.int    ; Two Sun: removable minigun on the vertibird         						# local_vars=2
TCCtzMed.int    ; Two Sun: sick tinsmith in the hospital              						# local_vars=10
TCCtzTlk.int    ; Two Sun: resident for conversation                 						# local_vars=10
TCZAXRbt.int    ; Two Sun: ZAX informant robot in the settlement      						# local_vars=10
TCMotel.int     ; Two Sun: motel administrator                       						# local_vars=10
TCCrvGrd.int    ; Two Sun: caravan guards in the motel               						# local_vars=8
TCCrvBos.int    ; Two Sun: merchant Clark heading to Puerto           						# local_vars=10
TCCult.int      ; Two Sun: Fire Cult envoy from Phoenix              						# local_vars=10
TCGate.int      ; Two Sun: tinsmith gatekeeper                       						# local_vars=10
TCCrvQst.int    ; Two Sun: deceived parts buyer                      						# local_vars=10
TCSlvCtz.int    ; Two Sun: slave near the hangar clearing trash      						# local_vars=10
TCKid.int       ; Two Sun: tinsmith with a personality conflict      						# local_vars=10
TCBndSlv.int    ; Two Sun: Old Town – generic runaway slave          						# local_vars=10
TCBndBos.int    ; Two Sun: Old Town – leader of runaway slaves       						# local_vars=10
TCBndRng.int    ; Two Sun: Old Town – sentry in the slave den         						# local_vars=10
DCCtznA.int     ; KGrande: generic settler                           						# local_vars=8
DCCtznB.int     ; KGrande: settler 1                                 						# local_vars=10
DCCtznC.int     ; KGrande: settler 2                                 						# local_vars=10
TSWrkTbA.int    ; Two Sun: workbench 1                               						# local_vars=2
TSWrkTbB.int    ; Two Sun: workbench 2                               						# local_vars=2
TSWrkTbC.int    ; Two Sun: workbench 3                               						# local_vars=2
TSBody.int      ; Two Sun: body of a raider on the caf? map          						# local_vars=2
TCTinWpn.int    ; Two Sun: tinsmith cleaning a weapon               						# local_vars=10
TSShovel.int    ; Two Sun: broken shovel in the machinery cemetery   						# local_vars=2
ZSNwsppr.int    ; gen: newspaper stand with hidden loot             						# local_vars=2
RCFrmBnd.int    ; Rangers: bandit near the farmers                  						# local_vars=14
RCFrmMan.int    ; Rangers: farmer 1                                 						# local_vars=10
RCFrmWmn.int    ; Rangers: farmer 2                                 						# local_vars=10
RSFrmRpr.int    ; Rangers: broken water tank of the farmers         						# local_vars=2
RCPostA.int     ; Rangers: sentry 1                                 						# local_vars=10
RCPostB.int     ; Rangers: sentry 2                                 						# local_vars=10
RCIntndt.int    ; Rangers: quartermaster                            						# local_vars=14
RCRngJcl.int    ; Rangers: survivor after the Jackals               						# local_vars=10
RCDumOvr.int    ; Rangers: dam overseer                           						    # local_vars=10
RSDumRpr.int    ; Rangers: broken dam equipment                  						    # local_vars=2
RCRngWmn.int    ; Rangers: Agatha at the general – alliance with the Jackals 				# local_vars=10
RCRngRad.int    ; Rangers: radio operator at the radio station   						    # local_vars=10
GCEugene.int    ; Garage City: Eugene Simon                     						    # local_vars=12
GCEugPap.int    ; Garage City: father of Eugene Simon           						    # local_vars=12
GCGate.int      ; Garage City: gatekeeper                       						    # local_vars=10
GCPit.int       ; Garage City: mechanic in the garage           						    # local_vars=14
GCBoss.int      ; Garage City: head of the junkers’ cartel      						    # local_vars=12
GCMercJc.int    ; Garage City: mercenaries for the attack on the Jackals 					# local_vars=10
ZSIguan.int     ; gen: standard iguana trap                     						    # local_vars=3
VSRprPlk.int    ; Villa: destroyed shelves in the residential area 						    # local_vars=2
PCBrtrA.int     ; Phoenix: weapon shop trader                  						        # local_vars=20
PCBrtrB.int     ; Phoenix: junk trader                         						        # local_vars=14
PCBrtrC.int     ; Phoenix: outfit trader                       						        # local_vars=14
PCBrtrD.int     ; Phoenix: snack bar trader                    						        # local_vars=14
PCDrgdlr.int    ; Phoenix: drug dealer                         						        # local_vars=14
BCLthr.int      ; San Brahmin: tanner                          						        # local_vars=14
SCIntndt.int    ; Puerto: quartermaster                        						        # local_vars=14
SCBoss.int      ; Puerto: general-paladin                     						        # local_vars=15
VCChrisB.int    ; Villa: Chris on the ruins map                						        # local_vars=10
VCCrzCtz.int    ; Villa: farmer searching for Chris in Villa   						        # local_vars=10
VCMsngr.int     ; Villa: child bringing food to Chris          						        # local_vars=10
VCCrzEnm.int    ; Villa: farmer searching for Chris in the Ruins 						    # local_vars=10
PCCasCas.int    ; Phoenix: casino cashier                     						        # local_vars=12
PCCasBar.int    ; Phoenix: casino bartender                   						        # local_vars=14
PCCasSpk.int    ; Phoenix: casino barker                      						        # local_vars=10
PCCasAlc.int    ; Phoenix: drunk on the street                						        # local_vars=8
PCCrvBos.int    ; Phoenix: merchant Marco heading to Two Sun  						        # local_vars=10
RCRngMap.int    ; Rangers: cartographer                       						        # local_vars=10
RCGrvTlk.int    ; Rangers: farmer at the graves               						        # local_vars=10
RSDorDum.int    ; Rangers: door to the dam superstructure     						        # local_vars=5
RCComndr.int    ; Rangers: field commander Helford            						        # local_vars=14
RCCadetA.int    ; Rangers: cadets in training                 						        # local_vars=10
RCAgata.int     ; Rangers: Agatha, cadet supervisor           						        # local_vars=10
RCCadetB.int    ; Rangers: cadet in the reception area        						        # local_vars=10
ZIRadio.int     ; gen: radio                                  						        # local_vars=0
RILoot.int      ; Rangers: stash under a cactus for radio comms 						    # local_vars=1
RSRprRar.int    ; Rangers: radio transmitter in the utility room 						    # local_vars=2
RCBezhA.int     ; Rangers: refugee mother                    						        # local_vars=10
RCBezhB.int     ; Rangers: refugee child                     						        # local_vars=10
RCParom.int     ; Rangers: ferryman                          						        # local_vars=10
RSParom.int     ; Rangers: ferry mechanism                   						        # local_vars=2
RSRetrns.int    ; Rangers: spy retransmitter                 						        # local_vars=2
RCPresly.int    ; Rangers: cadet Presley                    						        # local_vars=10
GCImgrnt.int    ; Garage City: refugees                     						        # local_vars=10
GCBarmen.int    ; Garage City: bartender                   						            # local_vars=12
VIBonus.int     ; Villa: container with bonus loot          						        # local_vars=1
RSMapPnt.int    ; Rangers: markers for study in Quartz      						        # local_vars=1
RCRngQrz.int    ; Rangers: ranger on the Quartz map         						        # local_vars=10
ZSMeat.int      ; gen: meat on a campfire                   						        # local_vars=1
RSRadio.int     ; Rangers: radio station                   						            # local_vars=2
RCSlave.int     ; Rangers: paying tribute                  						            # local_vars=10
RCStory.int     ; Rangers: ranger with heroic stories      						            # local_vars=10
RCFlick.int     ; Rangers: wandering trader               						            # local_vars=14
RCFlkKid.int    ; Rangers: guard of the wandering trader   						            # local_vars=10
RCFlkBrm.int    ; Rangers: brahmin of the wandering trader 						            # local_vars=8
RSFonar.int     ; Rangers: lampposts near the info center  						            # local_vars=0
RCRatKng.int    ; Rangers: rat leader Nat-Aani             						            # local_vars=8
RCWshKid.int    ; Rangers: boy in Gyers-Wash               						            # local_vars=10
RCWshMan.int    ; Rangers: father in Gyers-Wash            						            # local_vars=10
RCWshWmn.int    ; Rangers: mother in Gyers-Wash            						            # local_vars=10
RCWshBnd.int    ; Rangers: bandit in Gyers-Wash            						            # local_vars=10
RSCmpDum.int    ; Rangers: power plant control console     						            # local_vars=3
RSCmpSrv.int    ; Rangers: main computer at the power plant						            # local_vars=3
RSWinch.int     ; Rangers: dam gate lifting mechanism      						            # local_vars=2
VCKidPwr.int    ; Villa: girl reacting to power armor     						            # local_vars=10
RCCtzPsn.int    ; Rangers: resident poisoned with Nuka-Cola 						        # local_vars=10
RCGart.int      ; Rangers: veteran living near the Aqueduct 						        # local_vars=10
GCBarStp.int    ; Garage City: bar hecklers               						            # local_vars=10
GCMotel.int     ; Garage City: motel owner                						            # local_vars=10
GSCmptr.int     ; Garage City: boss’s computer in the garage 						        # local_vars=2
GCClansA.int    ; Garage City: junker clan member 1       						            # local_vars=8
GCClansB.int    ; Garage City: junker clan member 2       						            # local_vars=8
GCClanA.int     ; Garage City: clan boss 1                  						        # local_vars=10
GCClanB.int     ; Garage City: clan boss 2                						            # local_vars=10
GCDed.int       ; Garage City: old man                    						            # local_vars=12
GCLucas.int     ; Garage City: Lucas on the factory map   						            # local_vars=10
GCLcsBnd.int    ; Garage City: Lucas’s men on the factory map 						        # local_vars=10
GCBossB.int     ; Garage City: guild leader on map 66     						            # local_vars=10
GCCrvBos.int    ; Garage City: caravan leader on map 66   						            # local_vars=10
GCCrvGrd.int    ; Garage City: caravan guard on map 66    						            # local_vars=8
GCLucasB.int    ; Garage City: Lucas on map 66            						            # local_vars=10
GCLcsGrd.int    ; Garage City: Lucas’s guard on map 66    						            # local_vars=8
GCBosGrd.int    ; Garage City: Kogan’s guard on map 66    						            # local_vars=8
GCLcsRbt.int    ; Garage City: robots at the Factory     						            # local_vars=8
GSCmpRbt.int    ; Garage City: security terminal at the Factory 						    # local_vars=2
GSStanok.int    ; Garage City: machine at the Factory    						            # local_vars=2
GCCtzn.int      ; Garage City: ordinary Garage resident  						            # local_vars=8
GCCtzA.int      ; Garage City: resident in a house near the garage 						    # local_vars=10
GCBarCtz.int    ; Garage City: bar patron                						            # local_vars=10
GCCtzRad.int    ; Garage City: sick resident in the dormitory 						        # local_vars=10
GCBrmBrm.int    ; Garage City: brahmin on the herders’ map 						            # local_vars=10
GCBrmAtk.int    ; Garage City: attackers on the herders’ map 						        # local_vars=10
GCBrmPsA.int    ; Garage City: senior herder on the herders’ map 						    # local_vars=10
GCBrmPsB.int    ; Garage City: junior herder on the herders’ map 						    # local_vars=10
TSCultDd.int    ; Two Sun: corpse of a fire worshipper on a pole 						    # local_vars=2
PCCltSpk.int    ; Phoenix: Follower of Fire – preacher    						            # local_vars=10
PCCltBk.int     ; Phoenix: Follower of Fire – bookworm    						            # local_vars=10
PCCltRg.int     ; Phoenix: spy deserter from the Rangers in the Cathedral 					# local_vars=10
PSSltDtr.int    ; Phoenix: broken slot machines after the explosion    						# local_vars=3 
PSRadio.int     ; Phoenix: radio station in the Cathedral              						# local_vars=3
PCCltRad.int    ; Phoenix: radio operator at the Cathedral station     						# local_vars=10
PCCltRun.int    ; Phoenix: refugees after the Cathedral explosion      						# local_vars=10
PSCltBk.int     ; Phoenix: Followers' library in the Cathedral         						# local_vars=1
PSPictur.int    ; Phoenix: painting in the Cathedral                   						# local_vars=0
PCCltBhp.int    ; Phoenix: preacher at the main city gates             						# local_vars=10
PCCrvGrd.int    ; Phoenix: standard caravan guard                      						# local_vars=10
PCCltLzr.int    ; Phoenix: drifters in front of the Cathedral          						# local_vars=8
PCCasGrd.int    ; Phoenix: casino security                             						# local_vars=8
PCCasGmr.int    ; Phoenix: casino patrons                              						# local_vars=8
PCDon.int       ; Phoenix: Don Diego                                   						# local_vars=14
PCMigel.int     ; Phoenix: Uncle Miguel                                						# local_vars=10
PCLloyd.int     ; Phoenix: chatty beggar near the market               						# local_vars=14
PCCtzn.int      ; Phoenix: ordinary townsman or passerby               						# local_vars=8
PCGopStp.int    ; Phoenix: street robber with a zip gun                						# local_vars=10
PCScvatr.int    ; Phoenix: squatters in the sewers                     						# local_vars=8
PCCasAdm.int    ; Phoenix: casino administrator                        						# local_vars=10
PCCasCrp.int    ; Phoenix: casino croupier                             						# local_vars=10
PCCasTlk.int    ; Phoenix: casino visitor near the bar (dialogue)      						# local_vars=10
PCMerkBs.int    ; Phoenix: head of the mercenary guild                 						# local_vars=10
PCMerkGd.int    ; Phoenix: guard in the mercenary guild                						# local_vars=10
PSMerkAd.int    ; Phoenix: mercenary information stand                 						# local_vars=10
PCBdBos.int     ; Phoenix: Vernon, overseer in the slums               						# local_vars=10
PCBdCtz.int     ; Phoenix: ordinary slum resident                      						# local_vars=8
PCBdDed.int     ; Phoenix: veteran junkman in the slums                						# local_vars=10
PCBdKid.int     ; Phoenix: slum children                               						# local_vars=8
PCBdLoh.int     ; Phoenix: loser among the slum residents              						# local_vars=10
PCBdNark.int    ; Phoenix: drug addict in the slums                    						# local_vars=10
PCTrener.int    ; Phoenix: Iron Mike                                   						# local_vars=10
PCRngBos.int    ; Phoenix: arena boss                                  						# local_vars=10
PCRngGrd.int    ; Phoenix: bodyguard of the arena boss                 						# local_vars=8
PCRngBoy.int    ; Phoenix: standard arena spectators                   						# local_vars=8
PCRngBar.int    ; Phoenix: vendor at the arena                         						# local_vars=12
PCRngCrp.int    ; Phoenix: crippled fighter at the arena               						# local_vars=10
PCRngEnm.int    ; Phoenix: player character’s arena opponents          						# local_vars=8
PIMapPnx.int    ; Phoenix: city map in inventory                       						# local_vars=0
PCBdTlk1.int    ; Phoenix: refugee family – husband                    						# local_vars=10
PCBdTlk2.int    ; Phoenix: refugee family – wife                       						# local_vars=10
PCBdBkr.int     ; Phoenix: bikers in the slums                          					# local_vars=10
PCScvTlk.int    ; Phoenix: squatter for dialogue                       						# local_vars=10
PSDudWtd.int    ; Phoenix: wanted poster for the PC’s crimes           						# local_vars=1
PCEnmClt.int    ; Phoenix: bandits ambushing the PC near GunsShop       					# local_vars=10
DCMcCord.int    ; KGrande: Gil McCord, a gunman from Phoenix            					# local_vars=10
ZSCmbStp.int    ; gen: forbid object usage in combat                   						# local_vars=0
ZCBandit.int    ; gen: standard bandit on the world map                						# local_vars=7
EncAtmnA.int    ; Phoenix: 1st Los Panchos ataman on world map         						# local_vars=7
EncAtmnB.int    ; Phoenix: 2nd Los Panchos ataman on world map         						# local_vars=7
EncAtmnC.int    ; Phoenix: 3rd Los Panchos ataman on world map         						# local_vars=7
PCCltKid.int    ; Phoenix: child with a message for the spy quest      						# local_vars=10
PCCasVrc.int    ; Phoenix: singer Veronica                             						# local_vars=10
PSCasSgn.int    ; Phoenix: main casino entrance                        						# local_vars=0
PCCasBel.int    ; Phoenix: casino bellhop                              						# local_vars=10
ZSDorCls.int    ; gen: self-closing doors (no lock)                    						# local_vars=0
PCMusKid.int    ; Phoenix: child singing in the street                						# local_vars=10
PCKidVor.int    ; Phoenix: pickpocket child at the market              						# local_vars=10
PSBrtrA.int     ; Phoenix: gun shop                                    						# local_vars=0
PSBrtrB.int     ; Phoenix: junk trader stall at the market             						# local_vars=0
PSBrtrC.int     ; Phoenix: clothing stall at the market                						# local_vars=0
PSBrtrD.int     ; Phoenix: food stall at the market                    						# local_vars=0
PCCasJck.int    ; Phoenix: blackjack dealer                            						# local_vars=10
PTCasExt.int    ; Phoenix: trigger for entrance to closed casino area  						# local_vars=0
PCCasTel.int    ; Phoenix: casino guards in basement and near Diego    						# local_vars=8
PCDonWmn.int    ; Phoenix: Don Diego’s wives                           						# local_vars=8
ZCCrvBrm.int    ; gen: standard caravan brahmin                        						# local_vars=7
SSTorped.int    ; Puerto: nuclear torpedoes                            						# local_vars=3
FCFarmA.int     ; Flagstaff: farmer of the captured farm               						# local_vars=8
FCFarmB.int     ; Flagstaff: farm raiders                              						# local_vars=8
RCCadetC.int    ; Rangers: cadet in the mess hall                      						# local_vars=8
RSQrzStr.int    ; Rangers: descent to Quartz secret basement           						# local_vars=0
TSBndRad.int    ; Tucson: Old Town – irradiation object               						# local_vars=3
HCRunchA.int    ; Hermosillo: Dominguez                                						# local_vars=8
HCRunchB.int    ; Hermosillo: Dominguez’s wife                         						# local_vars=7
HCRunchC.int    ; Hermosillo: Dominguez’s children                     						# local_vars=7
HCSolder.int    ; Hermosillo: rank-and-file soldiers in the fort       						# local_vars=7
HCBoss.int      ; Hermosillo: General Sarabia                          						# local_vars=9
HCPost.int      ; Hermosillo: sentry in the fort                       						# local_vars=9
HSComp.int      ; Hermosillo: computer in the general staff            						# local_vars=2
HCPrisnr.int    ; Hermosillo: prisoners of war                        						# local_vars=10
HCRobot.int     ; Hermosillo: army robots                              						# local_vars=8
FTRbtAcm.int    ; Flagstaff: trigger for drilling robot sound          						# local_vars=1
PCAnlGhl.int    ; Phoenix: ghoul in the sewer                          						# local_vars=8
PCPrtznA.int    ; Phoenix: rebel leader                               						# local_vars=10
PCPrtznB.int    ; Phoenix: right-hand man of the rebel leader         						# local_vars=10
PCPrtznC.int    ; Phoenix: standard rebels                            						# local_vars=8
PSAnlBlc.int    ; Phoenix: cave-ins after the Cathedral explosion     						# local_vars=0
EncGold.int     ; world: dying man with gold                          						# local_vars=7
EncBibl.int     ; world: Henry Bemis                                 						# local_vars=7
EncGlas.int     ; world: Henry Bemis’s glasses                        						# local_vars=2
EncBook.int     ; world: Henry Bemis’s book                           						# local_vars=0
EncCafA.int     ; world: man in the Roadside Cafe                    						# local_vars=10
EncCafB.int     ; world: woman in the Roadside Cafe                  						# local_vars=10
ZSTblDmt.int    ; gen: workbench for equipping dynamite              						# local_vars=2
ZCRedRdr.int    ; gen: Red Ryder, killer of child killers            						# local_vars=8
RCAcvCtz.int    ; Rangers: standard Aqueduct resident                						# local_vars=7
RCAcvKid.int    ; Rangers: standard Aqueduct child                   						# local_vars=7
RCAcvEmg.int    ; Rangers: immigrant in the Aqueduct                 						# local_vars=7
RCAcvBnd.int    ; Rangers: ranger’s henchman in the Aqueduct          						# local_vars=8
RTDeads.int     ; Rangers: trigger near bodies in Aqueduct catacombs 						# local_vars=0
PSAnlCom.int    ; Phoenix: rebel intercom in the sewer               						# local_vars=0
HSGnrtr.int     ; Hermosillo: generator                          							# local_vars=2
HSFonar.int     ; Hermosillo: street lamp                       							# local_vars=0
PCPrtznD.int    ; Phoenix: partisan on a mission in the ruins   							# local_vars=8
PCPrtznE.int    ; Phoenix: cultists in the ruins searching for a partisan 					# local_vars=8
SCPost.int      ; Puerto: guard at the entrance to the BS ship  							# local_vars=8
PSPrtznF.int    ; Phoenix: radio signal booster for partisans   							# local_vars=2
PCCtzBld.int    ; Phoenix: beggar-murderer near the Cathedral   							# local_vars=8
SSCmpTpd.int    ; Puerto: torpedo control computer              							# local_vars=2
TCCody.int      ; Two-Sun: child Cody among the tinmen          							# local_vars=8
TCScvr.int      ; Two-Sun: BS member who survived the Puerto explosion 						# local_vars=8
PCFlgRun.int    ; Phoenix: refugee from destroyed Flagstaff    							    # local_vars=8
PCTcnRun.int    ; Phoenix: unemployed caravaner from Two-Sun   							    # local_vars=8
ZTRotat.int     ; gen: dummy for reorienting the PC at entry    							# local_vars=0
ZSTblUzi.int    ; gen: workbench for SMG repair                 							# local_vars=2
DCRanger.int    ; KGrande: ranger for Hard's quest              							# local_vars=8
DCKidTlk.int    ; KGrande: child with a grenade                 							# local_vars=8
RSDum.int       ; Rangers: ruined superstructure                							# local_vars=0
DCRlctA.int     ; KGrande: highwayman commander at the warehouse 							# local_vars=8
DCRlctB.int     ; KGrande: rank-and-file highwayman at the warehouse 						# local_vars=8
DSGrave.int     ; KGrande: grave with a collapse into the basement 							# local_vars=2
DSGravB.int     ; KGrande: grave with a collapse into the basement (transition) 			# local_vars=0
GSArmor.int     ; Garage City: armor for repair in the shack    							# local_vars=2
DCMer.int       ; KGrande: city mayor                           							# local_vars=10
DCMerDch.int    ; KGrande: mayor's daughter                    								# local_vars=9
DCMerGrd.int    ; KGrande: mayor's bodyguards                  								# local_vars=8
DCWtrBrt.int    ; KGrande: water merchant                      								# local_vars=10
DCAlien.int     ; KGrande: new owner of the bathhouse          								# local_vars=9
DCWtrAtk.int    ; KGrande: attacker of the water merchant      								# local_vars=9
DCWtrGrd.int    ; KGrande: guards at the water station         								# local_vars=8
DCWtrBos.int    ; KGrande: leader of the water merchants       								# local_vars=10
DCCrvGrd.int    ; KGrande: generic caravaner                  								# local_vars=8
DCCrvBos.int    ; KGrande: caravan leader                     								# local_vars=10
AnimNght.int    ; gen: night frame shift for an object        								# local_vars=0
PCBdStiv.int    ; Phoenix: slum resident for the mail quest   								# local_vars=8
PCRedBos.int    ; Phoenix: leader of the Red Cardinals        								# local_vars=10
PCRedTlk.int    ; Phoenix: right-hand man of the Cardinals' leader 							# local_vars=8
PCRedGrd.int    ; Phoenix: generic Red Cardinal               								# local_vars=8
DSWtrRpr.int    ; KGrande: pumping station                    								# local_vars=2
DSBthRpr.int    ; KGrande: bathhouse heating system            								# local_vars=2
DSBarMus.int    ; KGrande: jukebox in the bar                  								# local_vars=2
DCBarBos.int    ; KGrande: leader of the Highwaymen in the bar 								# local_vars=8
DCBarRdr.int    ; KGrande: rank-and-file Highwayman in the bar 								# local_vars=8
DCBarDgh.int    ; KGrande: mayor's daughter in the bar during the kidnapping 				# local_vars=8
DCBarMer.int    ; KGrande: mayor on the bar map                								# local_vars=8
DCBarGrd.int    ; KGrande: mayor's bodyguards on the bar map   								# local_vars=8
DCBarShf.int    ; KGrande: water station chief on the bar map  								# local_vars=8
DCCtznD.int     ; KGrande: settler near the railway station    								# local_vars=8
DSBndBox.int    ; KGrande: kidnapped cargo at the railway station 							# local_vars=0
DSBndInv.int    ; KGrande: quest objects at the railway station 							# local_vars=0
DCCtznE.int     ; KGrande: old man Gallegos                   								# local_vars=8
DCMerStp.int    ; KGrande: bribed mayor's guard               								# local_vars=8
DSBthTbl.int    ; KGrande: table in the Bathhouse             								# local_vars=0
DSHead.int      ; KGrande: criminal's head on a pole          								# local_vars=0
MCBoss.int      ; Highwaymen: leader of the Highwaymen        								# local_vars=10
RCMhvBos.int    ; Rangers: gang leader at Mojave Water Pump   								# local_vars=8
RCMhvBnd.int    ; Rangers: bandit at Mojave Water Pump        								# local_vars=8
ICRobot.int     ; Inferno: robots in the police station       								# local_vars=7
ISVentl.int     ; Inferno: air purifiers on house walls       								# local_vars=2
ISCompA.int     ; Inferno: non-functional computer in the police station 					# local_vars=2
ISCompB.int     ; Inferno: functional computer in the police station 						# local_vars=3
MCRaider.int    ; Highwaymen: generic raider at the base      								# local_vars=7
MCRio.int       ; Highwaymen: Rio, the leader's right-hand man 								# local_vars=10
MCSlave.int     ; Highwaymen: slave-convict                  								# local_vars=7
MCPost.int      ; Highwaymen: sentry                          								# local_vars=7
MCBar.int       ; Highwaymen: raider from the KGrande bar     								# local_vars=7
MCWife.int      ; Highwaymen: Ben's concubine                								# local_vars=7
MCPrison.int    ; Highwaymen: hostage raider at the mayor's in KGrande 						# local_vars=7
MTTank.int      ; Highwaymen: damage zone of the fuel depot  								# local_vars=0
MCBoys.int      ; Highwaymen: fighting raiders in the barracks 								# local_vars=7
MSTank.int      ; Highwaymen: sprite change for the fuel tank 								# local_vars=0
PCRedPst.int    ; Phoenix: guard at the Red Cardinals base    								# local_vars=7
PCRedPrn.int    ; Phoenix: Red Cardinal in the mercenary prison 							# local_vars=7
PCRedDed.int    ; Phoenix: dead courier in the sewer          								# local_vars=7
PCAtmBos.int    ; Phoenix: NPP manager                        								# local_vars=7
PCAtmTlk.int    ; Phoenix: assistant to the leader of the Atomic Workers 					# local_vars=7
PCAtmWrk.int    ; Phoenix: generic atomic worker              								# local_vars=7
PCAtmBld.int    ; Phoenix: injured atomic worker              								# local_vars=7
PCAtmRbt.int    ; Phoenix: Mister Handy robot at the NPP      								# local_vars=7
PCAtmBrt.int    ; Phoenix: quartermaster at the NPP           								# local_vars=7
PSAtmStm.int    ; Phoenix: damaged cooling system at the NPP  								# local_vars=2
PSAtmCmp.int    ; Phoenix: computer at the NPP station        								# local_vars=2
PSAtmElc.int    ; Phoenix: electrical panel in the NPP basement 							# local_vars=2
PCAtmClt.int    ; Phoenix: monk from the Cathedral near the NPP 							# local_vars=7
PSAtmDor.int    ; Phoenix: door to the NPP control room       								# local_vars=2
PCBdLohB.int    ; Phoenix: rent debtor in the slums           								# local_vars=7
GSWhole.int     ; Garage: wheels in the garage for repairing the PC's bike 					# local_vars=2
PIBdItem.int    ; Phoenix: refrigerators in the slums         								# local_vars=1
VCMigel.int     ; Villa: Uncle Miguel at the Villa            								# local_vars=10
ICDry.int       ; Inferno: dried-out ghoul on the starting map 								# local_vars=7
ISGame.int      ; Inferno: slot machine in the supermarket    								# local_vars=4
ISPwrArm.int    ; Inferno: power armor in the Mansion         								# local_vars=3
ICMaster.int    ; Inferno: leader of intelligent ghouls in the Mansion 						# local_vars=10
ICLabBos.int    ; Inferno: ghoul scientist in the Mansion     								# local_vars=8
ICLabrnt.int    ; Inferno: generic ghoul assistants in the Mansion 							# local_vars=7
ICGate.int      ; Inferno: head of security in the Mansion    								# local_vars=7
ICGrd.int       ; Inferno: generic guards in the Mansion      								# local_vars=7
ICPaladn.int    ; Inferno: paladin                            								# local_vars=10
ICApoc.int      ; Inferno: surviving Follower of the Apocalypse 							# local_vars=8
ISMusic.int     ; Inferno: jukebox in the bar                 								# local_vars=3
ISFair.int      ; Inferno: fire alarm in the supermarket      								# local_vars=2
ISTotem.int     ; Inferno: ghoul totems                         							# local_vars=1
FSFlag.int      ; Flagstaff: Arizona flag on the bar wall       							# local_vars=0
SCShpBoy.int    ; Puerto: cabin boy                             							# local_vars=8
SCSlave.int     ; Puerto: slave janitor on deck                 							# local_vars=8
SCScrBos.int    ; Puerto: chief scribe                          							# local_vars=10
SCScribe.int    ; Puerto: rank-and-file scribe                  							# local_vars=7
SCMedic.int     ; Puerto: medic in the infirmary                							# local_vars=8
SCBell.int      ; Puerto: rank-and-file Bell in the infirmary   							# local_vars=8
SCCook.int      ; Puerto: cook in the mess hall                 							# local_vars=8
SCSldTlk.int    ; Puerto: rank-and-file soldier with stories in the mess hall 				# local_vars=8
SSWheel.int     ; Puerto: ship wheel in the wheelhouse          							# local_vars=1
SSCmpBos.int    ; Puerto: command computer                      							# local_vars=2
SSCmpSrb.int    ; Puerto: scribes' computer                     							# local_vars=2
SSLadder.int    ; Puerto: gangway to the ship                   							# local_vars=2
SILink.int      ; Puerto: neural link for the Pip-Boy           							# local_vars=0
SCPldnA.int     ; Puerto: generic paladin soldier               							# local_vars=7
SCPldnB.int     ; Puerto: junior paladin with a story in the cabin 							# local_vars=8
SCInstr.int     ; Puerto: instructor in the training hall       							# local_vars=8
SIPlazmo.int    ; Puerto: broken plasma rifle on the table      							# local_vars=2
SCPatrul.int    ; Puerto: patrol chief                          							# local_vars=10
PCCltBld.int    ; Phoenix: injured beggar near the church       							# local_vars=8
RCCouncl.int    ; Rangers: field commanders at the Council      							# local_vars=7
VCPosolA.int    ; Villa: ambassador from the Rangers            							# local_vars=8
VCPosolB.int    ; Villa: ambassador from the Brotherhood of Steel 							# local_vars=8
PCEndBnd.int    ; Phoenix: street bandits after the game finale 							# local_vars=7
RCEndBnd.int    ; Rangers: bandits after the game finale        							# local_vars=7
GSFabric.int    ; Garage City: change of factory wall appearance 							# local_vars=0
GSLaser.int     ; Garage City: laser weapon for repair          							# local_vars=2
PCGhost.int     ; Phoenix: ghosts near the destroyed Cathedral  							# local_vars=7
PCEndRkt.int    ; Phoenix: racketeers in the slums after the game finale 					# local_vars=7
DCBarmen.int    ; KGrande: bartender in the bar after the game finale 						# local_vars=10
SCCmpBos.int    ; Puerto: Brotherhood field commander in the Rurales quest 					# local_vars=8
SCCmpSld.int    ; Puerto: rank-and-file Brotherhood paladins in the Rurales quest 			# local_vars=7
SCCmpCmd.int    ; Puerto: Rurales bandit commanders              							# local_vars=8
SCCmpBnd.int    ; Puerto: rank-and-file Rurales bandits         							# local_vars=7
SCCmpCrv.int    ; Puerto: caravaner hostage held by the Rurales 							# local_vars=8
NCSilosA.int    ; Casa-Nueva: concrete plant administrator     								# local_vars=8
NCSilosB.int    ; Casa-Nueva: rank-and-file concrete plant worker 							# local_vars=7
VSKerama.int    ; Villa: clay wheel for pottery making          							# local_vars=2
NCMer.int       ; Casa-Nueva: mayor of Casa-Nueva               							# local_vars=10
NCHimadr.int    ; Casa-Nueva: himador                           							# local_vars=10
NCApcBos.int    ; Casa-Nueva: head of the Followers in Casa-Nueva 							# local_vars=10
NSScrcrw.int    ; Casa-Nueva: scarecrow on the plantation       							# local_vars=0
NCSpore.int     ; Casa-Nueva: generic spore carrier             							# local_vars=6
NTInfo.int      ; Casa-Nueva: trigger in the barn for ghoul appearance 						# local_vars=0
NCCitizn.int    ; Casa-Nueva: generic town resident             							# local_vars=7
NCQuestA.int    ; Casa-Nueva: Rosalia, quest-related resident   							# local_vars=9
NCApcTch.int    ; Casa-Nueva: school teacher                    							# local_vars=9
NCApcAst.int    ; Casa-Nueva: clinic assistant                  							# local_vars=10
NCSherif.int    ; Casa-Nueva: commandant                        							# local_vars=10
NCChild.int     ; Casa-Nueva: generic child                     							# local_vars=7
NCQuestB.int    ; Casa-Nueva: resident for dialogue             							# local_vars=7
NCChipo.int     ; Casa-Nueva: Chip, the boy                     							# local_vars=7
NCPinki.int     ; Casa-Nueva: Chip's pet                        							# local_vars=7
NSCmpLab.int    ; Casa-Nueva: computer in the Greenhouses       							# local_vars=3
NSLabHmc.int    ; Casa-Nueva: chemical laboratory in the Greenhouses 						# local_vars=3
NCApcLab.int    ; Casa-Nueva: Converted Follower in the Greenhouses 						# local_vars=10
PSBxCola.int    ; Phoenix: crates in the Nuka-Cola warehouse    							# local_vars=0
MIBonus.int     ; Highwaymen: crate with Luck bonuses in the warehouse 						# local_vars=0
ZSHole.int      ; gen: descent without a ladder using a rope    							# local_vars=0
JSRope.int      ; Jackals: rope from above to the warehouses    							# local_vars=0
ZTPoison.int    ; gen: global poisoning trigger                								# local_vars=1
NSClimat.int    ; Casa-Nueva: microclimate control in the Greenhouses 						# local_vars=0
NSGenert.int    ; Casa-Nueva: backup generator in the Greenhouses 							# local_vars=2
NSBlock.int     ; Casa-Nueva: rubble blocking the greenhouse entrance after the fire 		# local_vars=0
NSBlnGaz.int    ; Casa-Nueva: gas cylinders in the greenhouses for the fire 				# local_vars=0
RCAcvCld.int    ; Rangers: Aqueduct child with a find           							# local_vars=7
EncLamnt.int    ; world: farmer encountering tumbleweed        								# local_vars=7
EncLmnt1.int    ; world: tumbleweed 1 in Lamont's special encounter 						# local_vars=0
EncLmnt2.int    ; world: tumbleweed 2 in Lamont's special encounter 						# local_vars=0
EncLmnt3.int    ; world: tumbleweed 3 in Lamont's special encounter 						# local_vars=0
ZCSavage.int    ; gen: generic savage on the world map          							# local_vars=7
ZCJackal.int    ; gen: generic jackal on the world map          							# local_vars=7
ZCRaider.int    ; gen: generic raider on the world map          							# local_vars=7
ZCBodys.int     ; gen: generic dead body on the world map       							# local_vars=0
ZCRdrWay.int    ; gen: generic highwayman raider on the world map 							# local_vars=7
ZTTriger.int    ; gen: generic world map event trigger         								# local_vars=0
ZCMexPtl.int    ; gen: Mexican patrol on the world map          							# local_vars=7
ZCBosPtl.int    ; gen: Brotherhood patrol on the world map     								# local_vars=7
ZCFarmer.int    ; gen: generic farmer on the world map          							# local_vars=7
ZCTraper.int    ; gen: generic hunter on the world map          							# local_vars=7
ZCMarodr.int    ; gen: generic scavenger on the world map       							# local_vars=7
ZCCrvGrd.int    ; gen: caravan guard on the world map           							# local_vars=7
ZCCrvDlr.int    ; gen: caravan trader on the world map          							# local_vars=7
ZCImgrnt.int    ; gen: immigrants on the world map             								# local_vars=7
ZCAlejo.int     ; gen: Alejo versus Mexicans on the world map   							# local_vars=7
ZCRanger.int    ; gen: generic rangers on the world map         							# local_vars=7
ZCPlgrm.int     ; gen: ghoul pilgrims on the world map          							# local_vars=7
ZCHermit.int    ; gen: hermit on the world map in the SE mountains 							# local_vars=7
ZCShybot.int    ; gen: robot on the world map avoiding people  								# local_vars=7
ZCFisher.int    ; gen: generic fisherman on the world map       							# local_vars=7
ZCPsyman.int    ; gen: psycho near Phoenix on the world map    								# local_vars=7
ZCMrHand.int    ; gen: Mister Handy near Phoenix on the world map 							# local_vars=7
ZCFloatr.int    ; gen: generic floater                          							# local_vars=7
ZCCannbl.int    ; gen: cannibal on the world map                							# local_vars=7
ZCWolf.int      ; gen: generic wolf                             							# local_vars=7
ZCMaxx.int      ; gen: traveler from California                 							# local_vars=7
GCCtzB.int      ; Garage City: owner of the welding machine     							# local_vars=7
GCCtzC.int      ; Garage City: resident who stole the welding machine 						# local_vars=7
MCMom.int       ; Motel: mother of the mutants                  							# local_vars=7
MCBrthrA.int    ; Motel: mutant brother 1                         							# local_vars=7
MCBrthrB.int    ; Motel: mutant brother 2                         							# local_vars=7
MCBrthrC.int    ; Motel: mutant brother 3                         							# local_vars=7
MSSwitch.int    ; Motel: switch near the freezer chamber          							# local_vars=0
MSGate.int      ; Motel: gate to the courtyard                    							# local_vars=0
MSDorCol.int    ; Motel: freezer chamber door                     							# local_vars=0
MCMtlBoy.int    ; Motel: surviving captive                       							# local_vars=7
MCMtlNew.int    ; Motel: settlers from Phoenix in freeplay        							# local_vars=7
MSMtlNew.int    ; Motel: environment objects for freeplay         							# local_vars=0
BCCitizn.int    ; San Brahmin: ordinary village resident          							# local_vars=7
BCBoss.int      ; San Brahmin: village elder                      							# local_vars=10
BCBosKid.int    ; San Brahmin: elder's son                        							# local_vars=8
BCHeadA.int     ; San Brahmin: priestess greeting the PC          							# local_vars=8
BCHeadB.int     ; San Brahmin: priest near the brahmin pen        							# local_vars=8
BCHeadC.int     ; San Brahmin: priest in the settlement           							# local_vars=10
BCRanger.int    ; San Brahmin: Rangers agent                      							# local_vars=8
BCMisBos.int    ; San Brahmin: missionary squad leader            							# local_vars=10
BCMisSld.int    ; San Brahmin: rank-and-file missionary           							# local_vars=7
BCRoll.int      ; San Brahmin: savage with a cart                 							# local_vars=7
BSRoll.int      ; San Brahmin: broken savage cart                 							# local_vars=2
BSFlag.int      ; San Brahmin: flags appearing on town hall wall  							# local_vars=0
SCLumpy.int     ; Puerto: ghoul Lumpy under bike wheels           							# local_vars=8
BSBrmGoo.int    ; San Brahmin: brahmin dung in the pen            							# local_vars=7
BCChildA.int    ; San Brahmin: generic children                   							# local_vars=8
BCChildB.int    ; San Brahmin: children in the pens               							# local_vars=8
BCChildC.int    ; San Brahmin: children in the Buried City        							# local_vars=8
BCSanBrm.int    ; San Brahmin: sacred brahmin for the festival    							# local_vars=7
BCRngrGd.int    ; San Brahmin: ranger guard in freeplay           							# local_vars=7
BCGarPst.int    ; San Brahmin: surviving herdsman from Garage     							# local_vars=7
BCFortun.int    ; San Brahmin: fortune teller using brahmin blood 							# local_vars=7
BCCtznMt.int    ; San Brahmin: woman cooking steaks               							# local_vars=8
PCMisBos.int    ; Phoenix: field commander Crook from San Brahmin 							# local_vars=8
BCAidA.int      ; San Brahmin: wounded herder 1                   							# local_vars=7
BCAidB.int      ; San Brahmin: wounded herder 2                   							# local_vars=7
BCAidC.int      ; San Brahmin: wounded herder 3                   							# local_vars=7
BCCtzWar.int    ; San Brahmin: tribal warrior                    							# local_vars=8
VSBnsBlc.int    ; Villa: pile of stones blocking crypt entrance  							# local_vars=0
VCRobot.int     ; Villa: robot near the Founder's crypt          							# local_vars=8
BSZaval.int    ; Villa: dangerous wall sections for collapse     							# local_vars=0
BCWarA.int      ; San Brahmin: ranger Oscar in skirmish           							# local_vars=8
BCWarB.int      ; San Brahmin: tribal warrior in skirmish         							# local_vars=8
EncBaron.int    ; world: Baron of Arizona                        							# local_vars=7
EncSnow.int     ; world: frozen figures                          							# local_vars=0
EncComix.int    ; world: Pancho Villa comic magazine             							# local_vars=0
NCCtzTlk.int    ; Casa Nueva: dialogue-only resident             							# local_vars=7
GCMotlB.int     ; Garage City: girl in the motel                 							# local_vars=7
GCMotlC.int     ; Garage City: guys in the motel                 							# local_vars=7
FCMinGrd.int    ; Flagstaff: guard at workers' camp              							# local_vars=7
SIPwrArm.int    ; Puerto: power armor at the quartermaster       							# local_vars=0
EncPadre.int    ; world: holy father near the airplane           							# local_vars=9
NCShfRob.int    ; Casa Nueva: city guard robot                   							# local_vars=7
GSCaps.int      ; Garage City: counterfeit cap machine           							# local_vars=0
GSTrlr.int      ; Garage City: basement descent in trailer       							# local_vars=0
NSWanted.int    ; Casa Nueva: wanted poster for the PC           							# local_vars=0
GCBarGmr.int    ; Garage City: stim user in the bar              							# local_vars=7
NCAlco.int      ; Casa Nueva: drunkard at the pillory            							# local_vars=1
DCCtzPsn.int    ; Grande City: resident poisoned by scorpion    							# local_vars=7
MCRdrBld.int    ; Highways: wounded raider                       							# local_vars=7
PCMerkDd.int    ; Phoenix: PC's personal bodyguard              							# local_vars=8
FCGrdPst.int    ; Flagstaff: street guard in residential area   							# local_vars=9
FCBody.int      ; Flagstaff: assault victim in residential area 							# local_vars=0
FCSlvBld.int    ; Flagstaff: beaten slave on mine map           							# local_vars=7
FCKidPap.int    ; Flagstaff: former overseer in residential area							# local_vars=7
FCMinPap.int    ; Flagstaff: new mine overseer                  							# local_vars=7
MCRdrHak.int    ; Highways: novice raider Chuck                 							# local_vars=7
ECRdrEnc.int    ; world: raiders vs bounty hunters              							# local_vars=7
RSDumVen.int    ; Rangers: fan above outpost entrance           							# local_vars=0
FCSavage.int    ; Flagstaff: savage on Wainon camp map          							# local_vars=7
FCTraper.int    ; Flagstaff: hunter hostage in Wainon camp      							# local_vars=7
FSTotems.int    ; Flagstaff: savage totems in Wainon camp       							# local_vars=0
FCSlvKnf.int    ; Flagstaff: convict with knife in hangar      								# local_vars=7
EncVltS1.int    ; world: vault door control console             							# local_vars=0
EncVltS2.int    ; world: vault generator                        							# local_vars=2
EncVltS3.int    ; world: vault computer                         							# local_vars=2
EncVltC1.int    ; world: Brotherhood paladin companion         								# local_vars=7
EncVltC2.int    ; world: vault greeter resident                								# local_vars=7
EncVltC3.int    ; world: male and female vault residents       								# local_vars=7
EncVltC4.int    ; world: damaged robobrain eye                 								# local_vars=7
BSStrBns.int    ; San Brahmin: descent into Sanctuary dungeon  								# local_vars=0
RCAcvTlk.int    ; Rangers: fisherman in central house          								# local_vars=7
EncMtntA.int    ; world: super mutants on mobile platform      								# local_vars=7
EncMtntB.int    ; world: super mutants on mobile platform      								# local_vars=7
EncMtntC.int    ; world: hostage on mobile platform            								# local_vars=7
EncMtntD.int    ; world: reactor on mobile platform            								# local_vars=0
SSCmpMus.int    ; Puerto: jukebox in Caborka                   								# local_vars=3
PCScvAtm.int    ; Phoenix: sewer witness in NPP quest          								# local_vars=7
VCMineA.int     ; Villa: Sancho after returning from the mine  								# local_vars=8
VCMineB.int     ; Villa: Hugo after returning from the mine    								# local_vars=8
NCCarlos.int    ; Casa Nueva: Carlos from Villa                								# local_vars=8
PCCltPtA.int    ; Phoenix: partisans during cathedral siege   								# local_vars=7
PCCltPtB.int    ; Phoenix: partisan leader during siege       								# local_vars=8
FCTrpPrt.int    ; Flagstaff: Fabers companions in Wainon       								# local_vars=8
SCPaul.int      ; Puerto: Paul after returning from platform  								# local_vars=8
ACBoss.int      ; San Felipe: settlement leader               								# local_vars=8
ACCtzn.int      ; San Felipe: generic settlement resident     								# local_vars=8
ACCtzRun.int    ; San Felipe: resident fleeing monsters       								# local_vars=8
ACCtzCav.int    ; San Felipe: survivor in monster cave        								# local_vars=8
ASFaro.int      ; San Felipe: lighthouse appearance           								# local_vars=3
ASLampar.int    ; San Felipe: lighthouse interior lamp        								# local_vars=3
ATCave.int      ; San Felipe: trigger for cave demolition     								# local_vars=0
ZSRprJnk.int    ; gen: object for dismantling via Repair          							# local_vars=0
BCHunter.int    ; San Brahmin: tracker in the sanctuary           							# local_vars=8
ISEd.int        ; Inferno: Ed's bones from Vault 13               							# local_vars=0
EncBarnB.int    ; world: companions of the Baron of Arizona      							# local_vars=7
EncBarnC.int    ; world: enemies of the Baron of Arizona         							# local_vars=7
BCCrvnQt.int    ; San Brahmin: quest caravaner heading to Phoenix 							# local_vars=8
EncLgndA.int    ; world: greeting robot in Legend City           							# local_vars=7
EncLgndB.int    ; world: target in Legend City                   							# local_vars=0
EncLgndC.int    ; world: jukebox in Legend City                  							# local_vars=0
CCCtzn.int      ; Santa Ana: generic resident                    							# local_vars=7
CCChild.int     ; Santa Ana: generic child                       							# local_vars=7
CCBoss.int      ; Santa Ana: village head                        							# local_vars=9
CCPapa.int      ; Santa Ana: rival of the head and victim's father 							# local_vars=9
CCNina.int      ; Santa Ana: victim                              							# local_vars=9
CCNino.int      ; Santa Ana: victim's lover                      							# local_vars=9
CCBosGrd.int    ; Santa Ana: supporter of the head in the church 							# local_vars=7
CCCrvBos.int    ; Santa Ana: caravaner after alliance            							# local_vars=8
CCNinb.int      ; Santa Ana: victim on the ancient cemetery map  							# local_vars=8
ZSMentat.int    ; gen: mentat vending machine                    							# local_vars=5
ZSWater.int     ; gen: limited water source                     							# local_vars=2
EncInfrn.int    ; world: wounded super mutant near Inferno       							# local_vars=7
CSCar.int       ; Santa Ana: car in the garage of a derelict house 							# local_vars=2
EncBnkrt.int    ; world: bankrupt farmer                        							# local_vars=7
BCCrvnSv.int    ; San Brahmin: savages attacking a caravan       							# local_vars=7
EncScrib.int    ; world: scribe hostage on the coast near Puerto 							# local_vars=7
CIShovel.int    ; Santa Ana: random shovel placement             							# local_vars=0
NSGidro.int     ; Casa Nueva: hydrolysis laboratory              							# local_vars=1
CSWrkTb.int     ; Santa Ana: workbench in the garage             							# local_vars=2
ZTFire.int      ; gen: fire trap from a gas cylinder             							# local_vars=1
BookAsh.int     ; Fox Addon: book merchant                       							# local_vars=10
BookBox.int     ; Fox Addon: trading box of the book merchant    							# local_vars=2
BookDog.int     ; Fox Addon: Ashley's dogs                       							# local_vars=2
BookTrap.int    ; Fox Addon: book "Traps"                        							# local_vars=0
BookScie.int    ; Fox Addon: book "Science"                      							# local_vars=0
BookEner.int    ; Fox Addon: book "Energy"                       							# local_vars=0
BookBart.int    ; Fox Addon: book "Barter"                       							# local_vars=0
BookGuns.int    ; Fox Addon: book "Guns"                         							# local_vars=0
BookMedi.int    ; Fox Addon: book "Medicine"                    							# local_vars=0
BookRepr.int    ; Fox Addon: book "Repair"                       							# local_vars=0
BookScut.int    ; Fox Addon: book "Survival"                    							# local_vars=0
BookUnar.int    ; Fox Addon: book "Unarmed"                     							# local_vars=0
BookLock.int    ; Fox Addon: book "Modern Locks"                							# local_vars=0
AFCaptan.int    ; Platform: village head                        							# local_vars=8
AFBarter.int    ; Platform: trader                              							# local_vars=8
AFSeaman.int    ; Platform: mechanic near the boat              							# local_vars=8
AFSick.int      ; Platform: sick fisherman in the village       							# local_vars=8
AFFisher.int    ; Platform: ordinary fisherman in the village   							# local_vars=8
AFBoat.int      ; Platform: boat to travel to the platform      							# local_vars=3
AFGirl.int      ; Platform: Thelma                              							# local_vars=8
AFTinTan.int    ; Platform: funny fisherman on the shore        							# local_vars=8
AFCmpInf.int    ; Platform: computer on the residential level   							# local_vars=3
ZCSclpnd.int    ; gen: generic scolopendra                      							# local_vars=7
AFDetals.int    ; Platform: equipment dismantled for parts     								# local_vars=2
AFCmpRad.int    ; Platform: radio equipment on the platform    								# local_vars=3
AFCmpGrd.int    ; Platform: security computer on the platform  								# local_vars=3
AFGold.int      ; Platform: treasure hunter                    								# local_vars=8
ICStart.int     ; Radiance: caravaner to travel to Radiance    								# local_vars=8
SSCmpAlm.int    ; Puerto: disabling security and siren in hold 								# local_vars=2
SSCmpLmp.int    ; Puerto: turning on lights in the hold        								# local_vars=2
AFMom.int       ; Platform: mother of the murdered child on shore 							# local_vars=8
AFTriger.int    ; Platform: trigger for oil rig demolition    								# local_vars=0
ZSBootl.int     ; gen: bottle junk                             								# local_vars=0
AFCmpTrl.int    ; Platform: terminals to activate turrets     								# local_vars=2
EncTsun.int     ; world: psycho tinsmith                       								# local_vars=7
EncMexSc.int    ; world: Mexican versus scolopendra           								# local_vars=7
AFGhoul.int     ; Platform: ghost ghoul near the lighthouse   								# local_vars=7
AFGoldB.int     ; Platform: evil dwarf near the lighthouse    								# local_vars=7
AFGoldC.int     ; Platform: dwarf's companions near lighthouse 								# local_vars=7
AFBody.int      ; Platform: corpse on the shore near lighthouse 							# local_vars=0
YSVltDor.int    ; Radiance: warehouse door in Vault 24        								# local_vars=1
YSVltGen.int    ; Radiance: generator in Vault 24             								# local_vars=2
YTVltLft.int    ; Radiance: elevators in Vault 24             								# local_vars=0
YTVltWtr.int    ; Radiance: water pumping in Vault 24         								# local_vars=0
YTExp.int       ; Radiance: trigger at Vault 24 entrance      								# local_vars=1
YSEnd.int       ; Radiance: wagon to return to Sonora         								# local_vars=0
YCBossA.int     ; Radiance: administrator of the southern mine 								# local_vars=9
YCBossB.int     ; Radiance: administrator of the northern mine 								# local_vars=9
YCDumBos.int    ; Radiance: administrator of the eastern mine  								# local_vars=9
YCCafeA.int     ; Radiance: bartender, southern camp          								# local_vars=9
YCCafeB.int     ; Radiance: bartender, northern camp          								# local_vars=9
YCShopA.int     ; Radiance: trader, southern camp             								# local_vars=9
YCShopB.int     ; Radiance: trader, northern camp             								# local_vars=9
YCCrvBos.int    ; Radiance: long-haul driver after rescue     								# local_vars=9
YCBandA.int     ; Radiance: guitarist of the band             								# local_vars=9
YCBandB.int     ; Radiance: trumpeter of the band             								# local_vars=7
YCBandC.int     ; Radiance: vocalist of the band              								# local_vars=7
IIDudBox.int    ; Radiance: container for storing PC items    								# local_vars=0
YCPtrlA.int     ; Radiance: chief border guard                								# local_vars=7
YCPtrlB.int     ; Radiance: rank-and-file border guard        								# local_vars=7
YCTunel.int     ; Radiance: ghoul in tunnel house at the border 							# local_vars=7
YCMrdr.int      ; Radiance: marauder ghouls on the Tijuana map 								# local_vars=9
YSTunel.int     ; Radiance: crawlspace in tunnel house at border 							# local_vars=0
YSRolBar.int    ; Radiance: roll bar in Tijuana               								# local_vars=2
YCBarTlk.int    ; Radiance: bar patron with dialogue          								# local_vars=7
YCCtzn.int      ; Radiance: generic ghoul resident            								# local_vars=7
YSJunk.int      ; Radiance: junk piles for dismantling        								# local_vars=1
YCRalf.int      ; Radiance: Ralf relocated from Phoenix NPP   								# local_vars=7
YCTalius.int    ; Radiance: Talius, priest of the Followers of the Apocalypse 				# local_vars=7
YCGopStp.int    ; Radiance: thug ghoul mugger                								# local_vars=7
AFGhls.int      ; Platform: feral ghouls in freeplay          								# local_vars=7
FSMeat.int      ; Flagstaff: dried meat in the hunters' camp     							# local_vars=0
YSArena.int     ; Shining: EMI emitters in the Arena             							# local_vars=1
YCRbtArn.int    ; Shining: robot in the Arena                    							# local_vars=7
YSFodMch.int    ; Shining: food processor                       							# local_vars=0
YSRprMch.int    ; Shining: maintenance station                  							# local_vars=3
YSTunl2.int     ; Shining: secret entrance to San Isidro subway  							# local_vars=0
YCTalGhl.int    ; Shining: hostile ghoul locked in the chapel    							# local_vars=7
YSFonars.int    ; Shining: street lights after dam activation   							# local_vars=0
YSDumCnA.int    ; Shining: dam console to disable the field      							# local_vars=0
YSDumCnB.int    ; Shining: dam console to disable the field      							# local_vars=0
YSDumCnC.int    ; Shining: main control panel at the dam         							# local_vars=2
YSDumTrs.int    ; Shining: distributor at the substation         							# local_vars=2
YSDumbaA.int    ; Shining: turbine hall - hydro unit valve       							# local_vars=1
YSDumbaB.int    ; Shining: turbine hall - wiring                 							# local_vars=0
YSDumbaC.int    ; Shining: turbine hall - switch                 							# local_vars=0
YSDorBlc.int    ; Shining: destructible rotten door              							# local_vars=0
YSDumCmp.int    ; Shining: computer in the dam admin building    							# local_vars=3
YSRadio.int     ; Shining: radio station in San Isidro           							# local_vars=3
YCGomer.int     ; Shining: super mutant companion of the PC      							# local_vars=10
YCFungs.int     ; Shining: mushroom-gathering ghoul in Chula Vista 							# local_vars=9
YSChlRop.int    ; Shining: rope from the bridge in Chula Vista   							# local_vars=0
YSDumbaD.int    ; Shining: turbine hall - open valve              							# local_vars=0
YSRadPtl.int    ; Shining: radio station at the border post      							# local_vars=2
PSBrtrE.int     ; Phoenix: weapon shop                           							# local_vars=0
YSChlGen.int    ; Shining: hologram generator in Chula Vista     							# local_vars=2
YCChlGhl.int    ; Shining: deranged ghoul escaped to Chula Vista 							# local_vars=7
YTChlMsg.int    ; Shining: trigger for dialogue line in Chula Vista 					    # local_vars=0
YSMonoDr.int    ; Shining: monorail train doors                  							# local_vars=0
YSMonoJk.int    ; Shining: junk on monorail stations             							# local_vars=0
YSMonoGh.int    ; Shining: monorail train caretaker technician  							# local_vars=7
YSMonoAp.int    ; Shining: equipment in the monorail depot       							# local_vars=2
YSMonoMv.int    ; Shining: trigger to place PC on the platform   							# local_vars=0
YSRadIsd.int    ; Shining: restored San Isidro radio station     							# local_vars=0
YSMusic.int     ; Shining: jukebox in the Old Town               							# local_vars=0
TSRprEmi.int    ; Tucson: parts to assemble EMI in the Graveyard 							# local_vars=2
TCSlvGrv.int    ; Tucson: slaves on the hangar map in the Graveyard 						# local_vars=7
YSGuitar.int    ; Shining: guitar without strings in the Old Town 							# local_vars=2
YSChlHlg.int    ; Shining: holographic projector in Chula Vista  							# local_vars=2
YCCtzZzz.int    ; Shining: sleeping guards in the southern camp  							# local_vars=7
YCHsptlA.int    ; Shining: black prospector in the hospital      							# local_vars=7
YCHsptlB.int    ; Shining: wounded ghoul in the hospital         							# local_vars=7
YCHsptlC.int    ; Shining: ghoul held hostage in the hospital    							# local_vars=7
YCHsptlD.int    ; Shining: Mister Med-Bro robot                  							# local_vars=7
YSAutdoc.int    ; Shining: autodoc in the hospital               							# local_vars=1
YSHspCps.int    ; Shining: cap stash in a mailbox                							# local_vars=0
YSHspGhl.int    ; Shining: ghoul on the operating table          							# local_vars=0
YSHspRbt.int    ; Shining: powered-off medical robot             							# local_vars=0
YCCrvGrd.int    ; Shining: surviving caravan guards on camp map 							# local_vars=9
YCCrvLed.int    ; Shining: long-hauler before rescue             							# local_vars=7
YCCrvRun.int    ; Shining: ghoul who deceived the long-haulers   							# local_vars=7
YSCrvBag.int    ; Shining: caravan wagons                        							# local_vars=0
YCCrvMtn.int    ; Shining: super mutants besieging long-haulers 							# local_vars=7
YCRbtCrr.int    ; Shining: Mister Courier during the siege       							# local_vars=7
YCIsdMtA.int    ; Shining: ghoul in mutant ambush near ruined bridge 						# local_vars=7
YCIsdMtB.int    ; Shining: super mutants at the ruined bridge   							# local_vars=7
YTHolLvl.int    ; Shining: falling through upper-floor breaches 							# local_vars=0
YSPress.int     ; Shining: printing press                        							# local_vars=1
YSHrtVnt.int    ; Shining: ventilation in the newsroom           							# local_vars=2
YSHrtCmp.int    ; Shining: newsroom computer after repair        							# local_vars=3
YSHrtCmB.int    ; Shining: newsroom computer before repair       							# local_vars=2
YTAzot.int      ; Shining: nitric acid cylinder trap             							# local_vars=1
YSTrgmat.int    ; Shining: various vending machines              							# local_vars=5
YSVltCmp.int    ; Shining: vault computer after repair           							# local_vars=3
YSVltCmB.int    ; Shining: vault computer before repair          							# local_vars=2
YCGhlMat.int    ; Shining: ghoul playing chess                   							# local_vars=9
YCIsdOil.int    ; Shining: scavenger ghoul at gas station by the bridge 					# local_vars=9
AFCmpJos.int    ; Platform: records of Jose Rene Ruiz            							# local_vars=0
YCCrazyB.int    ; Shining: blind ghoul in San Isidro             							# local_vars=7
YCBosGrd.int    ; Shining: bodyguard of the Old Town mayor       							# local_vars=7
YIBook.int      ; Shining: book about San Diego                 							# local_vars=0
YCBarMrd.int    ; Shining: black prospectors in the Old Town    							# local_vars=9
YCCrazyA.int    ; Shining: insane ghoul in San Isidro            							# local_vars=7
YCNslBos.int    ; Shining: Brotherhood scout in National City   							# local_vars=7
YCNslMtn.int    ; Shining: super mutants in National City       							# local_vars=7
YSNslCaf.int    ; Shining: refrigerator in LaMaze caf?          							# local_vars=0
YCNslCaf.int    ; Shining: ghoul from the refrigerator in LaMaze caf? 						# local_vars=7
YSHrtStr.int    ; Shining: sewer manhole (Scavenger Instinct)   							# local_vars=0
YCCnvBos.int    ; Shining: leader of black prospectors at the Plant 					    # local_vars=7
YCCnvGrd.int    ; Shining: standard black prospector at the Plant 							# local_vars=7
YCCnvGhl.int    ; Shining: ghoul slaves at the Plant            							# local_vars=7
YINslBns.int    ; Shining: Brotherhood stash on the pier        							# local_vars=2
YCDnvnA.int     ; Shining: Donovan's friend                     							# local_vars=7
YCDnvnB.int     ; Shining: Donovan's girlfriend                 							# local_vars=7
YCDnvnC.int     ; Shining: Donovan after rescue in a robot body 							# local_vars=7
YCCnvCrz.int    ; Shining: deranged ghoul at the Plant          							# local_vars=7
YSRndmCr.int    ; Shining: dummy for NPC generation             							# local_vars=1
YCBandit.int    ; Shining: standard raider bandits              							# local_vars=8
YSPoster.int    ; Shining: propaganda poster for Science use    							# local_vars=1
YTWave.int      ; Shining: surf sounds on the coast             							# local_vars=1
YSMonoPw.int    ; Shining: monorail power substation            							# local_vars=1
YSArcada.int    ; Shining: arcade machine                       							# local_vars=5
YCMessag.int    ; Shining: robot with a message for the PC from the Exile 					# local_vars=2
YTDumScn.int    ; Shining: trigger for post-repair cutscene     							# local_vars=0
YCDeSant.int    ; Shining: Mister De-Santi                      							# local_vars=10
YCLiveA.int     ; Shining: romantic couple - wife               							# local_vars=7
YCLiveB.int     ; Shining: romantic couple - husband            							# local_vars=7
YCIsdCrh.int    ; Shining: ghoul in the church                  							# local_vars=7
YSMonStr.int    ; Shining: ascent to the monorail in Chula Vista 							# local_vars=0
YCFinal.int     ; Shining: dummy for final dialogue             							# local_vars=0
YCPirTlk.int    ; Shining: ghoul guide on the pier              							# local_vars=5
YCPirGrd.int    ; Dayglow: ghouls from the assault squad on the pier        				# local_vars=5
YSPirBrt.int    ; Dayglow: boat on the pier                                					# local_vars=0
YCMtnSld.int    ; Dayglow: super mutant squad in Balboa Park               					# local_vars=5
YIPwrArm.int    ; Dayglow: power armor in the Naval bunker                 					# local_vars=0
YCCrazyC.int    ; Dayglow: ghoul in the Old Town bar                        				# local_vars=5
YCCrazyD.int    ; Dayglow: hoarder ghoul in San Isidro                     					# local_vars=9
YSSantRb.int    ; Dayglow: DeSanti’s administrator robot – broken          					# local_vars=2
YCSantRb.int    ; Dayglow: DeSanti’s administrator robot                  					# local_vars=7
YCSantGd.int    ; Dayglow: DeSanti’s ghoul bodyguard                       					# local_vars=7
YCSantEn.int    ; Dayglow: deranged ghoul near DeSanti                    					# local_vars=7
YCSantPs.int    ; Dayglow: pusher near DeSanti                            					# local_vars=7
YCCrazyE.int    ; Dayglow: atheist ghoul                                  					# local_vars=6
YCSantRt.int    ; Dayglow: ghoul in a rat-infested room at DeSanti’s       					# local_vars=5
YCSantBn.int    ; Dayglow: DeSanti’s bathhouse attendant                  					# local_vars=5
YSSantCr.int    ; Dayglow: remains of the courier robot (DeSanti quest)   					# local_vars=0
YCSantDg.int    ; Dayglow: DeSanti’s ghoul debtor                          					# local_vars=6
YCSantVt.int    ; Dayglow: ghoul in DeSanti’s room without ventilation     					# local_vars=6
YSSantVt.int    ; Dayglow: broken ventilation near DeSanti                					# local_vars=2
YCOldTlk.int    ; Dayglow: ghoul for dialogue in the Old Town              					# local_vars=6
YCSantSt.int    ; Dayglow: hostile ghouls near the passage to Old Town     					# local_vars=6
YCTitr.int      ; Dayglow: dummy for the pier DLC finale                  					# local_vars=10
YCSantBl.int    ; Dayglow: black prospectors in the DeSanti district       					# local_vars=6
YCSantMt.int    ; Dayglow: DeSanti’s super mutant bodyguard                					# local_vars=6
YCMrcSnt.int    ; Dayglow: DeSanti’s mercenaries                           					# local_vars=6
YSTorped.int    ; Dayglow: torpedoes                                      					# local_vars=0
YSGaubi.int     ; Dayglow: howitzer                                       					# local_vars=0
YSGaubDt.int    ; Dayglow: howitzer parts                                 					# local_vars=1
YSCompSp.int    ; Dayglow: supercomputer at the Coronado base              					# local_vars=2
YTElectr.int    ; Dayglow: electric triggers at the Coronado base          					# local_vars=0
YSElectr.int    ; Dayglow: leaking wires at the Coronado base              					# local_vars=2
YCIsdMor.int    ; Dayglow: black prospectors after the finale              					# local_vars=6
YCIsdTlk.int    ; Dayglow: ghoul for dialogue in San Isidro                					# local_vars=7
YIDwlBox.int    ; Dayglow: Exile’s stash in Balboa Park                    					# local_vars=1
YCMutCap.int    ; Dayglow: super mutant captain of the Heap               					# local_vars=7
YCMutBos.int    ; Dayglow: Brotherhood squad that captured the mutant captain 				# local_vars=7
YSIsdFir.int    ; Dayglow: alarm system in the patrol center               					# local_vars=0
YSHole.int      ; Dayglow: rope descent                                   					# local_vars=0
YCSprMtn.int    ; Dayglow: super mutants in Chula Vista                    					# local_vars=7
YSDumInf.int    ; Dayglow: information near the substation                 					# local_vars=0
YTInfo.int      ; Dayglow: info trigger – same as ZTInfo                   					# local_vars=1
ACAnti.int      ; San Felipe: dissenter against the leader                					# local_vars=8
ASFlag.int      ; San Felipe: Brotherhood of Steel flag                   					# local_vars=0
ASBoat.int      ; San Felipe: ship at the pier                             					# local_vars=0
ASNasos.int     ; San Felipe: pump on the ship                             					# local_vars=2
ACWtrSvr.int    ; San Felipe: savages at the water source                  					# local_vars=8
ACWtrPsn.int    ; San Felipe: residents at the water source                					# local_vars=8
ASWtrTtm.int    ; San Felipe: totems at the water source                   					# local_vars=0
ZCSprMut.int    ; gen: generic super mutant                                					# local_vars=7
ZCDsprdo.int    ; gen: generic desperado                                   					# local_vars=7
VSStrBig.int    ; Villa: restored staircase in the town hall               					# local_vars=1
